▲ Next.js 16.2.4 (Turbopack)
- Local:         http://localhost:3100
- Network:       http://192.168.100.31:3100
- Environments: .env
✓ Ready in 537ms
⚠ The "middleware" file convention is deprecated. Please use "proxy" instead. Learn more: https://nextjs.org/docs/messages/middleware-to-proxy

 GET /api/books/test_free_1785907549281/access?mode=read 307 in 4.2s (next.js: 1710ms, proxy.ts: 172ms, application-code: 2.3s)
 GET /api/books/test_paid_1785907549475/access?mode=read 401 in 226ms (next.js: 19ms, proxy.ts: 6ms, application-code: 201ms)
 GET /api/books/test_paid_1785907549475/access?mode=read 402 in 1325ms (next.js: 15ms, proxy.ts: 279ms, application-code: 1030ms)
Tap charge creation failed (HTTP 401): Invalid API Key
 POST /api/books/buy 402 in 2.5s (next.js: 93ms, proxy.ts: 230ms, application-code: 2.2s)
 GET /api/books/test_paid_1785907549475/access?mode=read 402 in 1065ms (next.js: 20ms, proxy.ts: 231ms, application-code: 814ms)
 GET /api/books/test_paid_1785907549475/access?mode=read 307 in 1273ms (next.js: 23ms, proxy.ts: 224ms, application-code: 1026ms)
 GET /api/admin/books/list 401 in 130ms (next.js: 97ms, application-code: 33ms)
 GET /api/admin/books/list 403 in 499ms (next.js: 8ms, application-code: 491ms)
 GET /api/admin/books/list 401 in 8ms (next.js: 2ms, application-code: 5ms)
 GET /books/31792550-ef9f-4eff-97ae-2f7c1aa50723.pdf 404 in 2.9s (next.js: 1164ms, application-code: 1696ms)
Rejected Tap webhook with an invalid signature.
 POST /api/payments/tap/webhook 401 in 411ms (next.js: 399ms, application-code: 12ms)
 GET /books 200 in 3.3s (next.js: 66ms, application-code: 3.3s)
 GET /api/books/test_paid_1785907549475/access?mode=read 402 in 1073ms (next.js: 18ms, proxy.ts: 260ms, application-code: 795ms)
 GET /library 200 in 2.5s (next.js: 1207ms, proxy.ts: 228ms, application-code: 1078ms)
 GET /api/books/test_paid_1785907549475/access?mode=read 307 in 1241ms (next.js: 16ms, proxy.ts: 225ms, application-code: 999ms)
Tap charge creation failed (HTTP 401): Invalid API Key
 POST /api/books/buy 402 in 2.0s (next.js: 5ms, proxy.ts: 224ms, application-code: 1775ms)
 POST /api/payments/tap/webhook 200 in 1530ms (next.js: 1897µs, application-code: 1529ms)
 GET /api/books/test_webhook_1785907549660/access?mode=read 307 in 1392ms (next.js: 21ms, proxy.ts: 228ms, application-code: 1143ms)
 POST /api/payments/tap/webhook 200 in 967ms (next.js: 11ms, application-code: 956ms)
Ignoring FAILED webhook for order BK-MSFN9G4E-8571F4A0: already settled as PAID.
 POST /api/payments/tap/webhook 200 in 389ms (next.js: 3ms, application-code: 386ms)
Tap charge creation failed (HTTP 401): Invalid API Key
 POST /api/books/buy 402 in 2.1s (next.js: 3ms, proxy.ts: 220ms, application-code: 1837ms)
Refusing to fulfil order BK-MSFN9LQU-A5077DE7: paid 0.1 but order is 3.25.
 POST /api/payments/tap/webhook 422 in 982ms (next.js: 4ms, application-code: 978ms)
Refusing to fulfil order BK-MSFN9LQU-A5077DE7: paid in USD but order is BHD.
 POST /api/payments/tap/webhook 422 in 950ms (next.js: 3ms, application-code: 947ms)
 GET /api/books/test_tamper_1785907549844/access?mode=read 402 in 1119ms (next.js: 18ms, proxy.ts: 252ms, application-code: 850ms)
 POST /api/books/buy 200 in 1079ms (next.js: 9ms, proxy.ts: 255ms, application-code: 815ms)
 POST /api/books/buy 200 in 2.3s (next.js: 11ms, proxy.ts: 706ms, application-code: 1619ms)
Tap charge creation failed (HTTP 401): Invalid API Key
 POST /api/books/buy 402 in 2.1s (next.js: 3ms, proxy.ts: 252ms, application-code: 1832ms)
Tap charge creation failed (HTTP 401): Invalid API Key
 POST /api/books/buy 402 in 2.2s (next.js: 4ms, proxy.ts: 265ms, application-code: 1981ms)
 GET /api/books/test_free_1785907687480/access?mode=read 307 in 2.1s (next.js: 36ms, proxy.ts: 13ms, application-code: 2.0s)
 GET /api/books/test_paid_1785907687742/access?mode=read 401 in 264ms (next.js: 39ms, proxy.ts: 11ms, application-code: 215ms)
 GET /api/books/test_paid_1785907687742/access?mode=read 402 in 1344ms (next.js: 21ms, proxy.ts: 318ms, application-code: 1005ms)
Tap charge creation failed (HTTP 401): Invalid API Key
 POST /api/books/buy 402 in 2.2s (next.js: 4ms, proxy.ts: 233ms, application-code: 1956ms)
 GET /api/books/test_paid_1785907687742/access?mode=read 402 in 1100ms (next.js: 29ms, proxy.ts: 275ms, application-code: 796ms)
 GET /api/books/test_paid_1785907687742/access?mode=read 307 in 1384ms (next.js: 36ms, proxy.ts: 243ms, application-code: 1105ms)
 GET /api/admin/books/list 401 in 14ms (next.js: 4ms, application-code: 10ms)
 GET /api/admin/books/list 403 in 481ms (next.js: 7ms, application-code: 474ms)
 GET /api/admin/books/list 401 in 22ms (next.js: 3ms, application-code: 19ms)
Rejected Tap webhook with an invalid signature.
 POST /api/payments/tap/webhook 401 in 23ms (next.js: 9ms, application-code: 14ms)
 GET /books/31792550-ef9f-4eff-97ae-2f7c1aa50723.pdf 404 in 1884ms (next.js: 30ms, application-code: 1854ms)
 GET /books 200 in 2.2s (next.js: 7ms, application-code: 2.2s)
 GET /api/books/test_paid_1785907687742/access?mode=read 402 in 1350ms (next.js: 26ms, proxy.ts: 337ms, application-code: 988ms)
 GET /library 200 in 1260ms (next.js: 10ms, proxy.ts: 243ms, application-code: 1007ms)
 GET /api/books/test_paid_1785907687742/access?mode=read 307 in 1532ms (next.js: 15ms, proxy.ts: 260ms, application-code: 1257ms)
Tap charge creation failed (HTTP 401): Invalid API Key
 POST /api/books/buy 402 in 2.5s (next.js: 3ms, proxy.ts: 244ms, application-code: 2.3s)
 POST /api/payments/tap/webhook 200 in 2.1s (next.js: 1674µs, application-code: 2.1s)
 GET /api/books/test_webhook_1785907687976/access?mode=read 307 in 1812ms (next.js: 15ms, proxy.ts: 306ms, application-code: 1491ms)
 POST /api/payments/tap/webhook 200 in 1317ms (next.js: 1597µs, application-code: 1316ms)
Ignoring FAILED webhook for order BK-MSFNC90F-CA763A6B: already settled as PAID.
 POST /api/payments/tap/webhook 200 in 660ms (next.js: 3ms, application-code: 658ms)
Tap charge creation failed (HTTP 401): Invalid API Key
 POST /api/books/buy 402 in 2.7s (next.js: 3ms, proxy.ts: 385ms, application-code: 2.3s)
Refusing to fulfil order BK-MSFNCGUU-E2AEE43C: paid 0.1 but order is 3.25.
 POST /api/payments/tap/webhook 422 in 1205ms (next.js: 2ms, application-code: 1203ms)
Refusing to fulfil order BK-MSFNCGUU-E2AEE43C: paid in USD but order is BHD.
 POST /api/payments/tap/webhook 422 in 1232ms (next.js: 15ms, application-code: 1217ms)
 GET /api/books/test_tamper_1785907688223/access?mode=read 402 in 1375ms (next.js: 34ms, proxy.ts: 321ms, application-code: 1020ms)
 POST /api/books/buy 200 in 1351ms (next.js: 6ms, proxy.ts: 307ms, application-code: 1037ms)
 POST /api/books/buy 200 in 2.5s (next.js: 4ms, proxy.ts: 377ms, application-code: 2.1s)
Tap charge creation failed (HTTP 401): Invalid API Key
 POST /api/books/buy 402 in 2.4s (next.js: 3ms, proxy.ts: 250ms, application-code: 2.2s)
Tap charge creation failed (HTTP 401): Invalid API Key
 POST /api/books/buy 402 in 2.6s (next.js: 3ms, proxy.ts: 264ms, application-code: 2.4s)

<--- Last few GCs --->

[25064:000001E3ECD42000]  2446426 ms: Scavenge (during sweeping) 8102.8 (8115.8) -> 8101.0 (8115.8) MB, pooled: 0.0 MB, 14.50 / 0.72 ms (average mu = 0.230, current mu = 0.194) allocation failure; 
[25064:000001E3ECD42000]  2452921 ms: Incremental Mark-Compact (reduce) 8107.7 (8120.8) -> 8098.7 (8111.4) MB, pooled: 0.0 MB, 5374.99 / 6.78 ms (+ 483.8 ms in 93 steps since start of marking, biggest step 7.3 ms, walltime since start of marking 6031 ms) 
FATAL ERROR: Ineffective mark-compacts near heap limit Allocation failed - JavaScript heap out of memory
----- Native stack trace -----

 1: 00007FF60A618C31 node::OnFatalError+1409
 2: 00007FF60B3E7121 v8::Function::NewInstance+577
 3: 00007FF60B1CB377 EVP_PKEY_asn1_set_public_check+504087
 4: 00007FF60B1C8F3D EVP_PKEY_asn1_set_public_check+494813
 5: 00007FF60B1E596A v8::internal::StrongRootAllocatorBase::deallocate_impl+45626
 6: 00007FF60B1E6E03 v8::internal::StrongRootAllocatorBase::deallocate_impl+50899
 7: 00007FF60B1E6A13 v8::internal::StrongRootAllocatorBase::deallocate_impl+49891
 8: 00007FF60B1F6895 v8::internal::StrongRootAllocatorBase::deallocate_impl+115045
 9: 00007FF60B211E1E v8::internal::StrongRootAllocatorBase::deallocate_impl+227054
10: 00007FF60AEC2041 v8::MemorySpan<v8::internal::DirectHandle<v8::internal::Map> >::operator[]+183025
11: 00007FF60AF039FE v8::MemorySpan<v8::internal::DirectHandle<v8::internal::Map> >::operator[]+451758
12: 00007FF60AF04D68 v8::MemorySpan<v8::internal::DirectHandle<v8::internal::Map> >::operator[]+456728
13: 00007FF60B3FE806 v8::Object::GetPropertyNames+422
14: 00007FF60A6AE85C napi_get_all_property_names+380
15: 00007FF60A6AE6CF napi_get_property_names+31
16: 00007FFE78611F52 napi_register_module_v1+33106
17: 00007FFE79710CF4 napi_register_module_v1+17854196
18: 00007FFE798335D1 napi_register_module_v1+19044305
19: 00007FFE796AAB14 napi_register_module_v1+17435924
20: 00007FFE796B71CA napi_register_module_v1+17486794
21: 00007FFE7982E7C7 napi_register_module_v1+19024327
22: 00007FFE796DBD58 napi_register_module_v1+17637208
23: 00007FF60A691DC0 node_api_create_buffer_from_arraybuffer+8992
24: 00007FF60B458D6C uv_run+2684
25: 00007FF60B45882F uv_run+1343
26: 00007FF60A78089F node::DecodeWrite+415
27: 00007FF60A58E427 node::MultiIsolatePlatform::DisposeIsolate+322567
28: 00007FF60A698D21 node::Start+1537
29: 00007FF60B822312 BIO_ssl_shutdown+3794
30: 00007FF60CAFDB44 v8::platform::DelayedTaskQueue::Terminate+11202996
31: 00007FFF6A77E957 BaseThreadInitThunk+23
32: 00007FFF6B5CAD6C RtlUserThreadStart+44
[?25h
